// Vitest Snapshot v1, https://vitest.dev/guide/snapshot.html

exports[`docs registry > resolves the whole corpus the same way it did last review 1`] = `
"Accordion → Accordion (component)
Alert → Alert (component)
AlertDialog → AlertDialog (component)
Avatar → Avatar (component)
Breadcrumb → Breadcrumb (component)
Button → Button (component)
Card → Card (component)
Checkbox → Checkbox (component)
Collapsible → Collapsible (component)
Combobox → Combobox (component)
ContextMenu → ContextMenu (component)
DateInput → DateInput (component)
DateRangeInput → DateRangeInput (component)
DateTimeInput → DateTimeInput (component)
Dialog → Dialog (component)
Divider → Divider (component)
FieldError → FieldError (component)
HoverCard → HoverCard (component)
Icon → Icon (component)
Input → Input (component)
Menu → Menu (component)
Menubar → Menubar (component)
Meter → Meter (component)
Navigation → NavItem (component)
NumberField → NumberField (component)
Pagination → Pagination (component)
PasswordInput → PasswordInput (component)
Popover → Popover (component)
Progress → Progress (component)
RadioGroup → RadioGroup (component)
Range → Range (component)
ScrollArea → ScrollArea (component)
SearchInput → SearchInput (component)
Segmented Control → SegmentedControl (component)
Select → Select (component)
Sheet → Sheet (component)
Skeleton → Skeleton (component)
Switch → Switch (component)
Tabs → Tabs (component)
Tag → Tag (component)
TextArea → TextArea (component)
Toast → ToastProvider (parameter)
Toggle → Toggle (component)
Toolbar → Toolbar (component)
Tooltip → Tooltip (component)"
`;
